Reading data for phone#4c410523#20190502
Column Family cell_plan
	data_plan_05gb: true @1578664800000000 [ ]
Column Family stats_summary
	connected_cell: 1 @1578664800000000 [ ]
	connected_wifi: 1 @1578664800000000 [ ]
	os_build: PQ2A.190405.004 @1578664800000000 [ ]

